---
source: gix-tix/src/edit/time_travel.rs
expression: "gix_testtools::repository::snapshot_portable(fixture.path())?\n.to_string().replace(\"\\n  \\n\", \"\\n\\n\")"
---
HEAD detached C1

[config]
[core]
    bare = false
[user]
    name = author
    email = author@example.com
[commit]
    gpgSign = false
[gitoxide "commit"]
    committerDate = 2001-01-01T00:00:00 +0000

[refs]
refs/heads/main = C2
refs/worktree/tix/pins/HEAD = -> refs/heads/main

[commits]
C0
  tree T1
  author author <author@example.com> 946684800 +0000
  committer committer <committer@example.com> 946684800 +0000

  base

C1
  tree T1
  parent C0
  author author <author@example.com> 946684800 +0000
  committer author <author@example.com> 978307200 +0000
  change-id stnpqqrsmmvwyprorolxzpuxpllmuzttnmyzurkl
  tix-rebase-parent 48dd951f6d729bd3debd703cc9a8392702bf9124

  tip

C2
  tree T0
  parent C1
  author author <author@example.com> 946944000 +0000
  committer author <author@example.com> 978307200 +0000
  change-id xuwvvlmlmymmmluzlqpxrrklslwlkmokswwxzool
  tix-rebase-parent 76ca9987dd431a8b8be20a52aeed5066cd1058fe

  after

[index]
tree = conflicted
100644 B0 stage=1 "file"
100644 B1 stage=2 "file"
100644 B2 stage=3 "file"

[worktree]
- file "file" = "<<<<<<< rebased parent\nbase\n=======\ntip\n>>>>>>> commit\n"
