---
source: gix-tix/src/edit/rebase.rs
expression: "gix_testtools::repository::snapshot_portable(fixture.path())?.to_string()"
---
HEAD refs/heads/main -> C2

[config]
[core]
    bare = false
[user]
    name = author
    email = author@example.com
[commit]
    gpgSign = false

[refs]
refs/heads/main = C2
refs/patches/middle = C1
refs/patches/tip = C2

[commits]
C0
  tree T1
  author author <author@example.com> 946684800 +0000
  committer committer <committer@example.com> 946684800 +0000

  base

C1
  tree T0
  parent C0
  author author <author@example.com> 946771200 +0000
  committer rebasing committer <rebasing@example.com> 978307200 +0000
  change-id wtvpqoumovpvzypqrpsxxlkvxmltvtlxvomlzyxs

  rewritten middle

C2
  tree T2
  parent C1
  author author <author@example.com> 946857600 +0000
  committer rebasing committer <rebasing@example.com> 978307200 +0000
  change-id zvoumlrryyvtnnxxqnmrnlxnvtlmnvwlynmuuvux

  tip

[index]
tree = T2
100644 B0 stage=0 "base"
100644 B1 stage=0 "middle"
100644 B2 stage=0 "tip"

[worktree]
- file "base" = "base\n"
- file "middle" = "middle\n"
- file "tip" = "tip\n"
